   1               		.file	"seriallink.c"
   2               	__SP_H__ = 0x3e
   3               	__SP_L__ = 0x3d
   4               	__SREG__ = 0x3f
   5               	__RAMPZ__ = 0x3b
   6               	__tmp_reg__ = 0
   7               	__zero_reg__ = 1
   9               		.text
  10               	.Ltext0:
  60               	.Letext0:
  61               		.ident	"GCC: (GNU) 4.9.1"
DEFINED SYMBOLS
                            *ABS*:0000000000000000 seriallink.c
/var/folders/y2/7gk42xnj5s1461shrm4p50q40000gn/T//ccWWbrLf.s:2      *ABS*:000000000000003e __SP_H__
/var/folders/y2/7gk42xnj5s1461shrm4p50q40000gn/T//ccWWbrLf.s:3      *ABS*:000000000000003d __SP_L__
/var/folders/y2/7gk42xnj5s1461shrm4p50q40000gn/T//ccWWbrLf.s:4      *ABS*:000000000000003f __SREG__
/var/folders/y2/7gk42xnj5s1461shrm4p50q40000gn/T//ccWWbrLf.s:5      *ABS*:000000000000003b __RAMPZ__
/var/folders/y2/7gk42xnj5s1461shrm4p50q40000gn/T//ccWWbrLf.s:6      *ABS*:0000000000000000 __tmp_reg__
/var/folders/y2/7gk42xnj5s1461shrm4p50q40000gn/T//ccWWbrLf.s:7      *ABS*:0000000000000001 __zero_reg__

NO UNDEFINED SYMBOLS
